// Jest Snapshot v1, https://goo.gl/fbAQLP

exports[`should render Expenses Summary component 1`] = `
<div>
  <p>
    Showing 
    3
     
    expenses
     totalling Â£
    NaN
  </p>
</div>
`;
