// Jest Snapshot v1, https://goo.gl/fbAQLP

exports[`Should render an expense list item with data provided 1`] = `
<Link
  className="list__item"
  to="/edit/1"
>
  <div>
    <h3
      className="list__item-title"
    >
      Gum
    </h3>
    <span
      className="list__item-subtitle"
    >
      1st of January, 1970
    </span>
  </div>
  <h3
    className="list__item-data"
  >
    Â£12.40
  </h3>
</Link>
`;
